// Jest Snapshot v1, https://goo.gl/fbAQLP

exports[`<Home /> should render with given state from redux store 1`] = `
<div
  className="content-wrapper"
>
  <div
    className="streaming-list"
  />
</div>
`;
